// Jest Snapshot v1, https://goo.gl/fbAQLP

exports[`Pruebas de GifItem debe hacer match con el snapshot 1`] = `
<div>
  <div
    class="card"
  >
    <img
      alt="The Office"
      src="https://the-office/series.jpg"
    />
  </div>
</div>
`;
